******************************************************************************
                  TI ARM Linker PC v20.2.7                     
******************************************************************************
>> Linked Fri Aug  2 18:41:18 2024

OUTPUT FILE NAME:   <systick_timer.out>
ENTRY POINT SYMBOL: "_c_int00_noargs"  address: 000004c5


MEMORY CONFIGURATION

         name            origin    length      used     unused   attr    fill
----------------------  --------  ---------  --------  --------  ----  --------
  FLASH                 00000000   00040000  0000053e  0003fac2  R  X
  SRAM                  20000000   00008000  00000210  00007df0  RW X


SEGMENT ALLOCATION MAP

run origin  load origin   length   init length attrs members
----------  ----------- ---------- ----------- ----- -------
00000000    00000000    00000540   00000540    r-x
  00000000    00000000    0000026c   0000026c    r-- .intvecs
  0000026c    0000026c    000002b2   000002b2    r-x .text
  00000520    00000520    00000020   00000020    r-- .cinit
20000000    20000000    00000210   00000000    rw-
  20000000    20000000    00000200   00000000    rw- .stack
  20000200    20000200    00000010   00000000    rw- .data


SECTION ALLOCATION MAP

 output                                  attributes/
section   page    origin      length       input sections
--------  ----  ----------  ----------   ----------------
.intvecs   0    00000000    0000026c     
                  00000000    0000026c     tm4c123gh6pm_startup_ccs.obj (.intvecs)

.text      0    0000026c    000002b2     
                  0000026c    00000110     systick_prog.obj (.text)
                  0000037c    0000009c     rtsv7M4_T_le_v4SPD16_eabi.lib : memcpy_t2.asm.obj (.text)
                  00000418    00000068                                   : copy_decompress_lzss.c.obj (.text:decompress:lzss:__TI_decompress_lzss)
                  00000480    00000044                                   : autoinit.c.obj (.text:__TI_auto_init_nobinit_nopinit:__TI_auto_init_nobinit_nopinit)
                  000004c4    00000034                                   : boot_cortex_m.c.obj (.text:_c_int00_noargs:_c_int00_noargs)
                  000004f8    0000000e                                   : copy_decompress_none.c.obj (.text:decompress:none:__TI_decompress_none)
                  00000506    0000000c     tm4c123gh6pm_startup_ccs.obj (.text)
                  00000512    00000004     rtsv7M4_T_le_v4SPD16_eabi.lib : pre_init.c.obj (.text:_system_pre_init)
                  00000516    00000004                                   : exit.c.obj (.text:abort:abort)
                  0000051a    00000004     main.obj (.text)

.cinit     0    00000520    00000020     
                  00000520    00000010     (.cinit..data.load) [load image, compression = lzss]
                  00000530    00000008     (__TI_handler_table)
                  00000538    00000008     (__TI_cinit_table)

.init_array 
*          0    00000000    00000000     UNINITIALIZED

.data      0    20000200    00000010     UNINITIALIZED
                  20000200    00000010     systick_prog.obj (.data)

.stack     0    20000000    00000200     UNINITIALIZED
                  20000000    00000004     rtsv7M4_T_le_v4SPD16_eabi.lib : boot_cortex_m.c.obj (.stack)
                  20000004    000001fc     --HOLE--

__llvm_prf_cnts 
*          0    20000000    00000000     UNINITIALIZED

MODULE SUMMARY

       Module                         code   ro data   rw data
       ------                         ----   -------   -------
    .\
       tm4c123gh6pm_startup_ccs.obj   12     620       0      
       systick_prog.obj               272    0         16     
       main.obj                       4      0         0      
    +--+------------------------------+------+---------+---------+
       Total:                         288    620       16     
                                                              
    C:\ti\ccs1271\ccs\tools\compiler\ti-cgt-arm_20.2.7.LTS\lib\rtsv7M4_T_le_v4SPD16_eabi.lib
       memcpy_t2.asm.obj              156    0         0      
       copy_decompress_lzss.c.obj     104    0         0      
       autoinit.c.obj                 68     0         0      
       boot_cortex_m.c.obj            52     0         0      
       copy_decompress_none.c.obj     14     0         0      
       exit.c.obj                     4      0         0      
       pre_init.c.obj                 4      0         0      
    +--+------------------------------+------+---------+---------+
       Total:                         402    0         0      
                                                              
       Stack:                         0      0         512    
       Linker Generated:              0      32        0      
    +--+------------------------------+------+---------+---------+
       Grand Total:                   690    652       528    


LINKER GENERATED COPY TABLES

__TI_cinit_table @ 00000538 records: 1, size/record: 8, table size: 8
	.data: load addr=00000520, load size=00000010 bytes, run addr=20000200, run size=00000010 bytes, compression=lzss


LINKER GENERATED HANDLER TABLE

__TI_handler_table @ 00000530 records: 2, size/record: 4, table size: 8
	index: 0, handler: __TI_decompress_lzss
	index: 1, handler: __TI_decompress_none


GLOBAL SYMBOLS: SORTED ALPHABETICALLY BY Name 

address   name                          
-------   ----                          
00000517  C$$EXIT                       
00000507  ResetISR                      
00000355  SysTick_DeInit                
0000031d  SysTick_Handler               
0000026d  SysTick_Init                  
0000032d  SysTick_SetCallBack           
00000349  SysTick_Start                 
000002df  SysTick_StartBusyWait         
0000033d  SysTick_Stop                  
20000200  __STACK_END                   
00000200  __STACK_SIZE                  
20000200  __STACK_TOP                   
00000538  __TI_CINIT_Base               
00000540  __TI_CINIT_Limit              
00000530  __TI_Handler_Table_Base       
00000538  __TI_Handler_Table_Limit      
00000481  __TI_auto_init_nobinit_nopinit
00000419  __TI_decompress_lzss          
000004f9  __TI_decompress_none          
ffffffff  __TI_pprof_out_hndl           
ffffffff  __TI_prof_data_size           
ffffffff  __TI_prof_data_start          
00000000  __TI_static_base__            
0000037d  __aeabi_memcpy                
0000037d  __aeabi_memcpy4               
0000037d  __aeabi_memcpy8               
ffffffff  __binit__                     
ffffffff  __c_args__                    
UNDEFED   __mpu_init                    
20000000  __stack                       
20000000  __start___llvm_prf_cnts       
20000000  __stop___llvm_prf_cnts        
000004c5  _c_int00_noargs               
UNDEFED   _system_post_cinit            
00000513  _system_pre_init              
00000517  abort                         
ffffffff  binit                         
20000208  count                         
00000000  g_pfnVectors                  
0000051b  main                          
0000037d  memcpy                        


GLOBAL SYMBOLS: SORTED BY Symbol Address 

address   name                          
-------   ----                          
00000000  __TI_static_base__            
00000000  g_pfnVectors                  
00000200  __STACK_SIZE                  
0000026d  SysTick_Init                  
000002df  SysTick_StartBusyWait         
0000031d  SysTick_Handler               
0000032d  SysTick_SetCallBack           
0000033d  SysTick_Stop                  
00000349  SysTick_Start                 
00000355  SysTick_DeInit                
0000037d  __aeabi_memcpy                
0000037d  __aeabi_memcpy4               
0000037d  __aeabi_memcpy8               
0000037d  memcpy                        
00000419  __TI_decompress_lzss          
00000481  __TI_auto_init_nobinit_nopinit
000004c5  _c_int00_noargs               
000004f9  __TI_decompress_none          
00000507  ResetISR                      
00000513  _system_pre_init              
00000517  C$$EXIT                       
00000517  abort                         
0000051b  main                          
00000530  __TI_Handler_Table_Base       
00000538  __TI_CINIT_Base               
00000538  __TI_Handler_Table_Limit      
00000540  __TI_CINIT_Limit              
20000000  __stack                       
20000000  __start___llvm_prf_cnts       
20000000  __stop___llvm_prf_cnts        
20000200  __STACK_END                   
20000200  __STACK_TOP                   
20000208  count                         
ffffffff  __TI_pprof_out_hndl           
ffffffff  __TI_prof_data_size           
ffffffff  __TI_prof_data_start          
ffffffff  __binit__                     
ffffffff  __c_args__                    
ffffffff  binit                         
UNDEFED   __mpu_init                    
UNDEFED   _system_post_cinit            

[41 symbols]
